Detecting compiler hash for triplet x64-windows...
Compiler found: C:/Program Files/Microsoft Visual Studio/18/Community/VC/Tools/MSVC/14.51.36231/bin/Hostx64/x64/cl.exe
The following packages are already installed:
    libogg:x64-windows@1.3.6#1
    libvorbis:x64-windows@1.3.7#4
    sdl3:x64-windows@3.4.16#1
    sdl3-net:x64-windows@3.2.0
    toml11:x64-windows@4.4.0
  * vcpkg-cmake:x64-windows@2025-08-07
  * vcpkg-cmake-config:x64-windows@2026-07-21
    zlib:x64-windows@1.3.2#2
libogg provides CMake targets:

  # this is heuristically generated, and may not be correct
  find_package(Ogg CONFIG REQUIRED)
  target_link_libraries(main PRIVATE Ogg::ogg)

libogg provides pkg-config modules:

  # ogg is a library for manipulating ogg bitstreams
  ogg

The package libvorbis provides CMake targets:

    # Vorbis reference encoder and decoder, low-level API
    find_package(Vorbis CONFIG REQUIRED)
    target_link_libraries(main PRIVATE Vorbis::vorbis)

    # Audio stream decoding and basic manipulation, high-level API
    find_package(Vorbis CONFIG REQUIRED)
    target_link_libraries(main PRIVATE Vorbis::vorbisfile)

    # Convenience API for setting up an encoding environment
    find_package(Vorbis CONFIG REQUIRED)
    target_link_libraries(main PRIVATE Vorbis::vorbisenc)

sdl3 provides CMake targets:

  find_package(SDL3 CONFIG REQUIRED)
  target_link_libraries(main PRIVATE SDL3::SDL3)

sdl3-net provides CMake targets:

  find_package(SDL3_net CONFIG REQUIRED)
  target_link_libraries(main PRIVATE $<IF:$<TARGET_EXISTS:SDL3_net::SDL3_net>,SDL3_net::SDL3_net,SDL3_net::SDL3_net-static>)

toml11 provides CMake targets:

  # this is heuristically generated, and may not be correct
  find_package(toml11 CONFIG REQUIRED)
  target_link_libraries(main PRIVATE toml11::toml11)

zlib is compatible with built-in CMake targets:

  find_package(ZLIB REQUIRED)
  target_link_libraries(main PRIVATE ZLIB::ZLIB)

zlib provides pkg-config modules:

  # zlib compression library
  zlib

All requested installations completed successfully in: 362 us
